2026-08-12 23:59:37 | INFO     | src.preprocessing.eda | eda:analyze_dataset:60 | Initiating Enterprise EDA Engine across 20 records and 19 columns...
2026-08-12 23:59:40 | INFO     | src.preprocessing.eda | eda:analyze_dataset:131 | Exported EDA JSON report to: C:\Users\Ansh Singh\AppData\Local\Temp\pytest-of-Ansh Singh\pytest-125\test_eda_engine_analyze_datase0\reports\eda_report.json
2026-08-12 23:59:40 | INFO     | src.preprocessing.eda | eda:analyze_dataset:136 | Exported EDA Markdown report to: C:\Users\Ansh Singh\AppData\Local\Temp\pytest-of-Ansh Singh\pytest-125\test_eda_engine_analyze_datase0\reports\eda_report.md
2026-08-12 23:59:40 | INFO     | src.preprocessing.eda | eda:analyze_dataset:141 | Exported EDA HTML report to: C:\Users\Ansh Singh\AppData\Local\Temp\pytest-of-Ansh Singh\pytest-125\test_eda_engine_analyze_datase0\reports\eda_report.html
2026-08-12 23:59:40 | INFO     | src.preprocessing.engineer | engineer:engineer_features:73 | Initiating Enterprise Feature Engineering across 10 records...
2026-08-12 23:59:40 | INFO     | src.preprocessing.engineer | engineer:engineer_features:117 | Exported feature engineering JSON report to: C:\Users\Ansh Singh\AppData\Local\Temp\pytest-of-Ansh Singh\pytest-125\test_engineer_features_pipelin0\reports\feature_engineering_report.json
2026-08-12 23:59:40 | INFO     | src.preprocessing.engineer | engineer:engineer_features:121 | Exported feature engineering Markdown report to: C:\Users\Ansh Singh\AppData\Local\Temp\pytest-of-Ansh Singh\pytest-125\test_engineer_features_pipelin0\reports\feature_engineering_report.md
2026-08-12 23:59:43 | INFO     | src.data.feature_lineage | feature_lineage:export_json:116 | Exported Feature Lineage JSON to: C:\Users\ANSHSI~1\AppData\Local\Temp\fcb_iip_test_5b_dydkj\reports\feature_lineage.json
2026-08-12 23:59:43 | INFO     | src.data.feature_lineage | feature_lineage:export_markdown:161 | Exported Feature Lineage Markdown to: C:\Users\ANSHSI~1\AppData\Local\Temp\fcb_iip_test_5b_dydkj\reports\feature_lineage.md
2026-08-12 23:59:43 | INFO     | src.data.feature_registry | feature_registry:export_json:186 | Exported Feature Registry JSON to: C:\Users\Ansh Singh\AppData\Local\Temp\pytest-of-Ansh Singh\pytest-125\test_feature_registry_export_j0\reports\feature_registry.json
2026-08-12 23:59:43 | INFO     | src.data.feature_registry | feature_registry:export_markdown:238 | Exported Feature Registry Markdown to: C:\Users\Ansh Singh\AppData\Local\Temp\pytest-of-Ansh Singh\pytest-125\test_feature_registry_export_j0\reports\feature_registry.md
2026-08-12 23:59:44 | WARNING  | src.utils.logger | logger:_configure_from_yaml:194 | Failed to load logging config from C:\Users\ANSHSI~1\AppData\Local\Temp\fcb_iip_test_barlmn4r\config\bad_logging.yaml: while parsing a flow sequence
  in "C:\Users\ANSHSI~1\AppData\Local\Temp\fcb_iip_test_barlmn4r\config\bad_logging.yaml", line 1, column 10
expected ',' or ']', but got ':'
  in "C:\Users\ANSHSI~1\AppData\Local\Temp\fcb_iip_test_barlmn4r\config\bad_logging.yaml", line 1, column 23. Using fallback configuration.
2026-08-12 23:59:44 | WARNING  | src.data.pipeline_contracts | pipeline_contracts:validate_dataframe_compliance:102 | Dataframe compliance check FAILED (1 violations encountered).
2026-08-12 23:59:44 | INFO     | src.data.readiness | readiness:evaluate_dataset:70 | Conducting ML Readiness evaluation for 10 records (Target: 'assignment_group')...
2026-08-12 23:59:44 | INFO     | src.data.readiness | readiness:evaluate_dataset:99 | ML Readiness evaluation successfully completed.
2026-08-12 23:59:44 | INFO     | src.data.readiness | readiness:save_readiness_report:373 | ML Readiness reports generated: C:\Users\ANSHSI~1\AppData\Local\Temp\fcb_iip_test_1oix_juh\reports\ml_readiness_report.md & C:\Users\ANSHSI~1\AppData\Local\Temp\fcb_iip_test_1oix_juh\reports\ml_readiness_report.json
2026-08-12 23:59:44 | INFO     | src.data.readiness | readiness:evaluate_dataset:70 | Conducting ML Readiness evaluation for 0 records (Target: 'assignment_group')...
2026-08-12 23:59:44 | INFO     | src.data.readiness | readiness:evaluate_dataset:99 | ML Readiness evaluation successfully completed.
2026-08-12 23:59:44 | INFO     | src.data.readiness | readiness:evaluate_dataset:70 | Conducting ML Readiness evaluation for 1 records (Target: 'assignment_group')...
2026-08-12 23:59:44 | INFO     | src.data.readiness | readiness:evaluate_dataset:99 | ML Readiness evaluation successfully completed.
2026-08-12 23:59:51 | INFO     | src.preprocessing.splitter | splitter:split_dataset:60 | Initiating 'stratified' split on 30 records (target: assignment_group)...
2026-08-12 23:59:51 | INFO     | src.preprocessing.splitter | splitter:split_dataset:100 | Saved splits to C:\Users\Ansh Singh\AppData\Local\Temp\pytest-of-Ansh Singh\pytest-125\test_splitter_stratified_split0\processed: train=21, val=4, test=5
2026-08-12 23:59:51 | INFO     | src.preprocessing.splitter | splitter:split_dataset:117 | Exported split reports to C:\Users\Ansh Singh\AppData\Local\Temp\pytest-of-Ansh Singh\pytest-125\test_splitter_stratified_split0\reports
2026-08-12 23:59:51 | INFO     | src.preprocessing.splitter | splitter:split_dataset:60 | Initiating 'time_based' split on 30 records (target: assignment_group)...
2026-08-12 23:59:51 | INFO     | src.preprocessing.splitter | splitter:split_dataset:100 | Saved splits to C:\Users\Ansh Singh\AppData\Local\Temp\pytest-of-Ansh Singh\pytest-125\test_splitter_time_based_split0\processed_time: train=21, val=4, test=5
2026-08-12 23:59:51 | INFO     | src.preprocessing.splitter | splitter:split_dataset:117 | Exported split reports to C:\Users\Ansh Singh\AppData\Local\Temp\pytest-of-Ansh Singh\pytest-125\test_splitter_time_based_split0\reports_time
2026-08-12 23:59:51 | INFO     | src.preprocessing.text_preprocessor | text_preprocessor:preprocess_dataset:112 | Initiating Enterprise Text Preprocessing on 3 records...
2026-08-12 23:59:51 | DEBUG    | src.preprocessing.text_preprocessor | text_preprocessor:preprocess_dataset:127 | Normalizing text column: short_description -> short_description_clean
2026-08-12 23:59:51 | DEBUG    | src.preprocessing.text_preprocessor | text_preprocessor:preprocess_dataset:127 | Normalizing text column: description -> description_clean
2026-08-12 23:59:51 | INFO     | src.preprocessing.text_preprocessor | text_preprocessor:preprocess_dataset:163 | Exported text preprocessing JSON report to: C:\Users\Ansh Singh\AppData\Local\Temp\pytest-of-Ansh Singh\pytest-125\test_text_preprocessor_pipelin0\reports\text_preprocessing_report.json
2026-08-12 23:59:51 | INFO     | src.preprocessing.text_preprocessor | text_preprocessor:preprocess_dataset:167 | Exported text preprocessing Markdown report to: C:\Users\Ansh Singh\AppData\Local\Temp\pytest-of-Ansh Singh\pytest-125\test_text_preprocessor_pipelin0\reports\text_preprocessing_report.md
2026-08-12 23:59:51 | INFO     | src.data.validation | validation:validate_dataset:77 | Starting Dataset Validation on 100 incident records...
2026-08-12 23:59:51 | INFO     | src.data.validation | validation:validate_dataset:131 | Dataset validation PASSED across all 12 quality gates.
2026-08-12 23:59:51 | INFO     | src.data.validation | validation:save_validation_report:445 | Validation reports generated: C:\Users\ANSHSI~1\AppData\Local\Temp\fcb_iip_test_oikcj79j\reports\validation_report.md & C:\Users\ANSHSI~1\AppData\Local\Temp\fcb_iip_test_oikcj79j\reports\validation_report.json
2026-08-12 23:59:51 | INFO     | src.data.validation | validation:validate_dataset:77 | Starting Dataset Validation on 3 incident records...
2026-08-12 23:59:51 | WARNING  | src.data.validation | validation:validate_dataset:133 | Dataset validation detected 11 failed quality gates out of 12.
2026-08-12 23:59:51 | INFO     | src.data.version_manager | version_manager:save_versioned_dataset:108 | Saving immutable dataset (2 rows) to version v1 -> C:\Users\ANSHSI~1\AppData\Local\Temp\fcb_iip_test_lvswzsa8\test_datasets_synthetic\v1\incidents.csv...
2026-08-12 23:59:51 | INFO     | src.data.version_manager | version_manager:save_versioned_dataset:124 | Dataset version v1 successfully finalized with verified metadata.
2026-08-12 23:59:51 | INFO     | src.data.version_manager | version_manager:save_versioned_dataset:108 | Saving immutable dataset (2 rows) to version v2 -> C:\Users\ANSHSI~1\AppData\Local\Temp\fcb_iip_test_lvswzsa8\test_datasets_synthetic\v2\incidents.parquet...
2026-08-12 23:59:51 | INFO     | src.data.version_manager | version_manager:save_versioned_dataset:124 | Dataset version v2 successfully finalized with verified metadata.
