2026-08-07 21:39:56 | INFO     | src.ml.embedding_registry | embedding_registry:register_index:112 | Registered embedding index incidents_semantic_index:v1.0 (10,000 vectors, Dim: 384)
2026-08-07 21:39:56 | INFO     | src.ml.embedding_registry | embedding_registry:export_markdown:164 | Exported Embedding Registry Markdown to: C:\Users\ANSHSI~1\AppData\Local\Temp\fcb_iip_test_6n0s0ehk\indexes\embedding_registry.md
2026-08-07 21:39:57 | INFO     | src.ml.random_forest.trainer | trainer:build_preprocessing_pipeline:133 | Built zero-leakage preprocessing pipeline across 33 predictors (Freq: 7, OneHot: 21, Num: 7).
2026-08-07 21:39:57 | INFO     | src.ml.random_forest.trainer | trainer:build_preprocessing_pipeline:133 | Built zero-leakage preprocessing pipeline across 33 predictors (Freq: 7, OneHot: 21, Num: 7).
2026-08-07 21:39:57 | INFO     | src.ml.random_forest.evaluator | evaluator:_resolve_pipeline_and_test_data:88 | Loading model pipeline from C:\Users\Ansh Singh\AppData\Local\Temp\pytest-of-Ansh Singh\pytest-97\test_evaluate_classification0\dummy_clf.pkl...
2026-08-07 21:39:58 | INFO     | src.ml.random_forest.evaluator | evaluator:extract_and_export_feature_importances:212 | Exported Feature Importance ranking across 44 predictors to C:\Users\Ansh Singh\AppData\Local\Temp\pytest-of-Ansh Singh\pytest-97\test_evaluate_classification0\reports\feature_importance_assignment_group.csv, C:\Users\Ansh Singh\AppData\Local\Temp\pytest-of-Ansh Singh\pytest-97\test_evaluate_classification0\reports\feature_importance_assignment_group.md, and C:\Users\Ansh Singh\AppData\Local\Temp\pytest-of-Ansh Singh\pytest-97\test_evaluate_classification0\reports\feature_importance_assignment_group.png
2026-08-07 21:39:58 | INFO     | src.ml.random_forest.evaluator | evaluator:evaluate_classification:329 | Classification evaluation complete! Acc=0.8200, Top3Acc=0.9800, F1=0.8225
2026-08-07 21:39:58 | INFO     | src.ml.random_forest.trainer | trainer:build_preprocessing_pipeline:133 | Built zero-leakage preprocessing pipeline across 33 predictors (Freq: 7, OneHot: 21, Num: 7).
2026-08-07 21:39:58 | INFO     | src.ml.random_forest.trainer | trainer:build_preprocessing_pipeline:133 | Built zero-leakage preprocessing pipeline across 33 predictors (Freq: 7, OneHot: 21, Num: 7).
2026-08-07 21:39:58 | INFO     | src.ml.random_forest.evaluator | evaluator:_resolve_pipeline_and_test_data:88 | Loading model pipeline from C:\Users\Ansh Singh\AppData\Local\Temp\pytest-of-Ansh Singh\pytest-97\test_evaluate_regression0\dummy_reg.pkl...
2026-08-07 21:39:59 | INFO     | src.ml.random_forest.evaluator | evaluator:extract_and_export_feature_importances:212 | Exported Feature Importance ranking across 44 predictors to C:\Users\Ansh Singh\AppData\Local\Temp\pytest-of-Ansh Singh\pytest-97\test_evaluate_regression0\reports\feature_importance_resolution_time_hours.csv, C:\Users\Ansh Singh\AppData\Local\Temp\pytest-of-Ansh Singh\pytest-97\test_evaluate_regression0\reports\feature_importance_resolution_time_hours.md, and C:\Users\Ansh Singh\AppData\Local\Temp\pytest-of-Ansh Singh\pytest-97\test_evaluate_regression0\reports\feature_importance_resolution_time_hours.png
2026-08-07 21:39:59 | INFO     | src.ml.random_forest.evaluator | evaluator:evaluate_regression:384 | Regression evaluation complete! RMSE=7.4978 hrs, MAE=5.4223 hrs, R2=0.6810
2026-08-07 21:39:59 | INFO     | src.ml.random_forest.hpo | hpo:optimize_classifier:65 | Initiating Hyperparameter Optimization for classifier target: 'assignment_group'...
2026-08-07 21:39:59 | INFO     | src.ml.random_forest.trainer | trainer:build_preprocessing_pipeline:133 | Built zero-leakage preprocessing pipeline across 24 predictors (Freq: 0, OneHot: 4, Num: 2).
2026-08-07 21:39:59 | INFO     | src.ml.random_forest.hpo | hpo:optimize_classifier:96 | Running RandomizedSearchCV across 2 folds (1 iterations, scoring=f1_weighted)...
2026-08-07 21:40:02 | INFO     | src.ml.random_forest.hpo | hpo:optimize_classifier:104 | HPO completed in 2.93s! Best f1_weighted: 0.2264
2026-08-07 21:40:02 | INFO     | src.ml.random_forest.hpo | hpo:optimize_classifier:105 | Best Parameters identified: {'n_estimators': 200, 'min_samples_split': 5, 'min_samples_leaf': 4, 'max_features': None, 'max_depth': 10}
2026-08-07 21:40:02 | INFO     | src.ml.random_forest.hpo | hpo:_export_hpo_report:207 | Exported HPO report to reports\hpo_comparison_assignment_group.json & reports\hpo_comparison_assignment_group.md
2026-08-07 21:40:02 | INFO     | src.ml.random_forest.hpo | hpo:optimize_regressor:120 | Initiating Hyperparameter Optimization for regressor target: 'resolution_time_hours'...
2026-08-07 21:40:02 | INFO     | src.ml.random_forest.trainer | trainer:build_preprocessing_pipeline:133 | Built zero-leakage preprocessing pipeline across 24 predictors (Freq: 0, OneHot: 4, Num: 2).
2026-08-07 21:40:04 | INFO     | src.ml.random_forest.hpo | hpo:optimize_regressor:157 | Regression HPO completed in 1.70s! Best neg_root_mean_squared_error: -14.0223
2026-08-07 21:40:04 | INFO     | src.ml.random_forest.hpo | hpo:optimize_regressor:158 | Best Parameters identified: {'n_estimators': 100, 'min_samples_split': 5, 'min_samples_leaf': 4, 'max_features': 'log2', 'max_depth': 15}
2026-08-07 21:40:04 | INFO     | src.ml.random_forest.hpo | hpo:_export_hpo_report:207 | Exported HPO report to reports\hpo_comparison_resolution_time_hours.json & reports\hpo_comparison_resolution_time_hours.md
2026-08-07 21:40:04 | INFO     | src.ml.hybrid.decision_engine | decision_engine:fuse_recommendation:177 | Decision Engine Output: Recommended Group='Platform-Support-L2' (Confidence: 94.60% - Very High, MTTR: 3.00h, Success Rate: 80.0%)
2026-08-07 21:40:04 | INFO     | src.ml.hybrid.decision_engine | decision_engine:fuse_recommendation:177 | Decision Engine Output: Recommended Group='Security-Operations' (Confidence: 75.40% - High, MTTR: 4.00h, Success Rate: 0.0%)
2026-08-07 21:40:04 | INFO     | src.ml.hybrid.decision_engine | decision_engine:fuse_recommendation:177 | Decision Engine Output: Recommended Group='Platform-Support-L2' (Confidence: 65.80% - Moderate, MTTR: 4.00h, Success Rate: 80.0%)
2026-08-07 21:40:04 | INFO     | src.ml.hybrid.decision_engine | decision_engine:fuse_recommendation:177 | Decision Engine Output: Recommended Group='Platform-Support-L2' (Confidence: 94.60% - Very High, MTTR: 3.00h, Success Rate: 80.0%)
2026-08-07 21:40:04 | INFO     | src.ml.hybrid.recommendation_engine | recommendation_engine:recommend:224 | Starting Enterprise Hybrid Incident Intelligence recommendation flow...
2026-08-07 21:40:04 | INFO     | src.ml.hybrid.decision_engine | decision_engine:fuse_recommendation:177 | Decision Engine Output: Recommended Group='Platform-Support-L2' (Confidence: 97.60% - Very High, MTTR: 13.27h, Success Rate: 80.0%)
2026-08-07 21:40:04 | INFO     | src.ml.hybrid.recommendation_engine | recommendation_engine:export_reports:371 | Exported Phase 5 Hybrid prediction reports to C:\Users\Ansh Singh\AppData\Local\Temp\pytest-of-Ansh Singh\pytest-97\test_recommendation_engine_orc0\reports
2026-08-07 21:40:04 | INFO     | src.ml.hybrid.recommendation_engine | recommendation_engine:recommend:279 | Hybrid Recommendation Complete: Platform-Support-L2 (Very High - 97.60%)
2026-08-07 21:40:04 | WARNING  | src.ml.hybrid.recommendation_engine | recommendation_engine:__init__:79 | Classifier pipeline file not found at C:\Users\Ansh Singh\AppData\Local\Temp\pytest-of-Ansh Singh\pytest-97\test_recommendation_engine_fil0\models\random_forest_assignment_group.pkl; RF predictions will use defaults unless provided.
2026-08-07 21:40:04 | WARNING  | src.ml.hybrid.recommendation_engine | recommendation_engine:__init__:93 | Regressor pipeline file not found at C:\Users\Ansh Singh\AppData\Local\Temp\pytest-of-Ansh Singh\pytest-97\test_recommendation_engine_fil0\models\random_forest_resolution_time_hours.pkl; RF regression will use defaults unless provided.
2026-08-07 21:40:04 | INFO     | src.ml.hybrid.recommendation_engine | recommendation_engine:recommend:224 | Starting Enterprise Hybrid Incident Intelligence recommendation flow...
2026-08-07 21:40:04 | INFO     | src.ml.hybrid.decision_engine | decision_engine:fuse_recommendation:177 | Decision Engine Output: Recommended Group='Platform-Support-L2' (Confidence: 58.60% - Low, MTTR: 3.50h, Success Rate: 80.0%)
2026-08-07 21:40:04 | INFO     | src.ml.hybrid.recommendation_engine | recommendation_engine:recommend:279 | Hybrid Recommendation Complete: Platform-Support-L2 (Low - 58.60%)
2026-08-07 21:40:04 | WARNING  | src.ml.hybrid.recommendation_engine | recommendation_engine:export_reports:297 | File C:\Users\Ansh Singh\AppData\Local\Temp\pytest-of-Ansh Singh\pytest-97\test_recommendation_engine_fil0\reports\hybrid_prediction.json locked by another process. Writing to C:\Users\Ansh Singh\AppData\Local\Temp\pytest-of-Ansh Singh\pytest-97\test_recommendation_engine_fil0\reports\hybrid_prediction_latest.json
2026-08-07 21:40:04 | WARNING  | src.ml.hybrid.recommendation_engine | recommendation_engine:export_reports:341 | File C:\Users\Ansh Singh\AppData\Local\Temp\pytest-of-Ansh Singh\pytest-97\test_recommendation_engine_fil0\reports\hybrid_prediction.md locked by another process. Writing to C:\Users\Ansh Singh\AppData\Local\Temp\pytest-of-Ansh Singh\pytest-97\test_recommendation_engine_fil0\reports\hybrid_prediction_latest.md
2026-08-07 21:40:04 | WARNING  | src.ml.hybrid.recommendation_engine | recommendation_engine:export_reports:368 | File C:\Users\Ansh Singh\AppData\Local\Temp\pytest-of-Ansh Singh\pytest-97\test_recommendation_engine_fil0\reports\hybrid_prediction.csv locked by another process. Writing to C:\Users\Ansh Singh\AppData\Local\Temp\pytest-of-Ansh Singh\pytest-97\test_recommendation_engine_fil0\reports\hybrid_prediction_latest.csv
2026-08-07 21:40:04 | INFO     | src.ml.hybrid.recommendation_engine | recommendation_engine:export_reports:371 | Exported Phase 5 Hybrid prediction reports to C:\Users\Ansh Singh\AppData\Local\Temp\pytest-of-Ansh Singh\pytest-97\test_recommendation_engine_fil0\reports
2026-08-07 21:40:04 | WARNING  | src.ml.hybrid.recommendation_engine | recommendation_engine:__init__:93 | Regressor pipeline file not found at C:\Users\Ansh Singh\AppData\Local\Temp\pytest-of-Ansh Singh\pytest-97\test_sync_features_and_edge_ca0\models\random_forest_resolution_time_hours.pkl; RF regression will use defaults unless provided.
2026-08-07 21:40:04 | INFO     | src.ml.hybrid.recommendation_engine | recommendation_engine:recommend:224 | Starting Enterprise Hybrid Incident Intelligence recommendation flow...
2026-08-07 21:40:04 | INFO     | src.ml.hybrid.decision_engine | decision_engine:fuse_recommendation:177 | Decision Engine Output: Recommended Group='Network-Ops' (Confidence: 76.60% - High, MTTR: 3.50h, Success Rate: 10.0%)
2026-08-07 21:40:04 | INFO     | src.ml.hybrid.recommendation_engine | recommendation_engine:recommend:279 | Hybrid Recommendation Complete: Network-Ops (High - 76.60%)
2026-08-07 21:40:04 | INFO     | src.ml.hybrid.recommendation_engine | recommendation_engine:export_reports:371 | Exported Phase 5 Hybrid prediction reports to C:\Users\Ansh Singh\AppData\Local\Temp\pytest-of-Ansh Singh\pytest-97\test_sync_features_and_edge_ca0\reports
2026-08-07 21:40:04 | WARNING  | src.ml.hybrid.recommendation_engine | recommendation_engine:__init__:77 | Could not load classifier pipeline from C:\Users\Ansh Singh\AppData\Local\Temp\pytest-of-Ansh Singh\pytest-97\test_sync_features_and_edge_ca0\models\random_forest_assignment_group.pkl: 
2026-08-07 21:40:04 | WARNING  | src.ml.hybrid.recommendation_engine | recommendation_engine:__init__:91 | Could not load regressor pipeline from C:\Users\Ansh Singh\AppData\Local\Temp\pytest-of-Ansh Singh\pytest-97\test_sync_features_and_edge_ca0\models\random_forest_resolution_time_hours.pkl: 
2026-08-07 21:40:04 | INFO     | src.ml.hybrid.recommendation_engine | recommendation_engine:recommend:224 | Starting Enterprise Hybrid Incident Intelligence recommendation flow...
2026-08-07 21:40:04 | INFO     | src.ml.hybrid.decision_engine | decision_engine:fuse_recommendation:177 | Decision Engine Output: Recommended Group='Platform-Support-L2' (Confidence: 58.60% - Low, MTTR: 3.50h, Success Rate: 80.0%)
2026-08-07 21:40:04 | INFO     | src.ml.hybrid.recommendation_engine | recommendation_engine:recommend:279 | Hybrid Recommendation Complete: Platform-Support-L2 (Low - 58.60%)
2026-08-07 21:40:04 | INFO     | src.ml.model_registry | model_registry:register_model:124 | Registered model rf_classifier:v1.0.0 (SHA256: c7a5850aab5d...)
2026-08-07 21:40:04 | INFO     | src.ml.model_registry | model_registry:register_model:124 | Registered model rf_clean:v1.0 (SHA256: cfe3cd5c636f...)
2026-08-07 21:40:04 | INFO     | src.ml.model_registry | model_registry:verify_and_load_model_path:168 | Verified model rf_clean:v1.0 (SHA256 & Feature Registry compliant).
2026-08-07 21:40:04 | INFO     | src.ml.model_registry | model_registry:register_model:124 | Registered model rf_leaky:v1.0 (SHA256: 10fd88d88cf1...)
2026-08-07 21:40:04 | ERROR    | src.ml.random_forest.trainer | trainer:_verify_no_target_leakage:69 | [SECURITY INTERLOCK] Blocked target leakage feature 'resolved_at' rejected from ML predictor set!
2026-08-07 21:40:04 | INFO     | src.ml.random_forest.trainer | trainer:build_preprocessing_pipeline:133 | Built zero-leakage preprocessing pipeline across 24 predictors (Freq: 5, OneHot: 5, Num: 2).
2026-08-07 21:40:05 | INFO     | src.ml.random_forest.trainer | trainer:train_baselines_and_compare:149 | Initiating multi-baseline comparison for target 'assignment_group' across 24 predictors...
2026-08-07 21:40:05 | INFO     | src.ml.random_forest.trainer | trainer:build_preprocessing_pipeline:133 | Built zero-leakage preprocessing pipeline across 24 predictors (Freq: 5, OneHot: 6, Num: 13).
2026-08-07 21:40:05 | INFO     | src.ml.random_forest.trainer | trainer:train_baselines_and_compare:181 | Optional library `xgboost` not installed; skipping XGBoost baseline.
2026-08-07 21:40:05 | INFO     | src.ml.random_forest.trainer | trainer:train_baselines_and_compare:188 | Optional library `lightgbm` not installed; skipping LightGBM baseline.
2026-08-07 21:40:05 | INFO     | src.ml.random_forest.trainer | trainer:train_baselines_and_compare:268 | Baseline [DecisionTree]: {'accuracy': 0.25, 'f1_weighted': 0.2405} (Trained in 0.00s)
2026-08-07 21:40:05 | INFO     | src.ml.random_forest.trainer | trainer:train_baselines_and_compare:268 | Baseline [RandomForest]: {'accuracy': 0.35, 'f1_weighted': 0.3383} (Trained in 0.41s)
2026-08-07 21:40:05 | INFO     | src.ml.random_forest.trainer | trainer:train_baselines_and_compare:268 | Baseline [ExtraTrees]: {'accuracy': 0.4, 'f1_weighted': 0.4007} (Trained in 0.26s)
2026-08-07 21:40:05 | INFO     | src.ml.random_forest.trainer | trainer:_export_baseline_comparison_report:314 | Exported baseline comparison reports to reports\model_comparison_assignment_group.json & reports\model_comparison_assignment_group.md
2026-08-07 21:40:05 | INFO     | src.ml.random_forest.trainer | trainer:train_baselines_and_compare:283 | Multi-baseline comparison complete! Best Model identified: [ExtraTrees] (Score: 0.4007)
2026-08-07 21:40:05 | INFO     | src.ml.random_forest.trainer | trainer:train_classifier:334 | Loading training data from C:\Users\Ansh Singh\AppData\Local\Temp\pytest-of-Ansh Singh\pytest-97\test_train_classifier_and_regr0\train.csv and validation data from C:\Users\Ansh Singh\AppData\Local\Temp\pytest-of-Ansh Singh\pytest-97\test_train_classifier_and_regr0\val.csv...
2026-08-07 21:40:05 | INFO     | src.ml.random_forest.trainer | trainer:build_preprocessing_pipeline:133 | Built zero-leakage preprocessing pipeline across 24 predictors (Freq: 5, OneHot: 6, Num: 13).
2026-08-07 21:40:06 | INFO     | src.ml.random_forest.trainer | trainer:train_classifier:376 | Successfully persisted complete classification pipeline to: models\random_forest_assignment_group.pkl
2026-08-07 21:40:06 | WARNING  | src.ml.model_registry | model_registry:register_model:104 | Overwriting registered model metadata for key: random_forest_assignment_group:v1.0.0
2026-08-07 21:40:06 | INFO     | src.ml.model_registry | model_registry:register_model:124 | Registered model random_forest_assignment_group:v1.0.0 (SHA256: fdc563ef0547...)
2026-08-07 21:40:06 | INFO     | src.ml.random_forest.trainer | trainer:train_classifier:396 | Registered model random_forest_assignment_group:v1.0.0 (Acc: 0.3500, F1: 0.3383)
2026-08-07 21:40:06 | INFO     | src.ml.random_forest.trainer | trainer:train_regressor:418 | Loading training data from C:\Users\Ansh Singh\AppData\Local\Temp\pytest-of-Ansh Singh\pytest-97\test_train_classifier_and_regr0\train.csv and validation data from C:\Users\Ansh Singh\AppData\Local\Temp\pytest-of-Ansh Singh\pytest-97\test_train_classifier_and_regr0\val.csv...
2026-08-07 21:40:06 | INFO     | src.ml.random_forest.trainer | trainer:build_preprocessing_pipeline:133 | Built zero-leakage preprocessing pipeline across 24 predictors (Freq: 5, OneHot: 6, Num: 13).
2026-08-07 21:40:07 | INFO     | src.ml.random_forest.trainer | trainer:train_regressor:463 | Successfully persisted complete regression pipeline to: models\random_forest_resolution_time_hours.pkl
2026-08-07 21:40:07 | WARNING  | src.ml.model_registry | model_registry:register_model:104 | Overwriting registered model metadata for key: random_forest_resolution_time_hours:v1.0.0
2026-08-07 21:40:07 | INFO     | src.ml.model_registry | model_registry:register_model:124 | Registered model random_forest_resolution_time_hours:v1.0.0 (SHA256: ae07d37078b8...)
2026-08-07 21:40:07 | INFO     | src.ml.random_forest.trainer | trainer:train_regressor:481 | Registered model random_forest_resolution_time_hours:v1.0.0 (RMSE: 11.2567, MAE: 8.7079, R2: 0.0408)
2026-08-07 21:40:07 | INFO     | src.ml.semantic.embedding_generator | embedding_generator:embed_dataframe:139 | Constructing semantic text documents across 2 incident records...
2026-08-07 21:40:07 | WARNING  | src.ml.semantic.embedding_generator | embedding_generator:model:82 | Pipeline C:\Users\Ansh Singh\AppData\Local\Temp\pytest-of-Ansh Singh\pytest-97\test_embed_dataframe_and_stora0\tfidf-svd-384.pkl does not exist. It will be trained upon calling embed_dataframe.
2026-08-07 21:40:07 | INFO     | src.ml.semantic.embedding_generator | embedding_generator:embed_dataframe:149 | Training TF-IDF + TruncatedSVD pipeline across 2 documents...
2026-08-07 21:40:07 | INFO     | src.ml.semantic.embedding_generator | embedding_generator:embed_dataframe:173 | Saved local embedding pipeline to C:\Users\Ansh Singh\AppData\Local\Temp\pytest-of-Ansh Singh\pytest-97\test_embed_dataframe_and_stora0\tfidf-svd-384.pkl
2026-08-07 21:40:07 | INFO     | src.ml.semantic.embedding_generator | embedding_generator:embed_dataframe:191 | Embedding complete. Matrix shape: (2, 1), Metadata records: 2
2026-08-07 21:40:07 | INFO     | src.ml.semantic.embedding_generator | embedding_generator:save_embeddings:243 | Saved separated embedding artifacts to:
  - Vector Matrix: C:\Users\Ansh Singh\AppData\Local\Temp\pytest-of-Ansh Singh\pytest-97\test_embed_dataframe_and_stora0\test_embeddings.npy ((2, 1))
  - Metadata Table: C:\Users\Ansh Singh\AppData\Local\Temp\pytest-of-Ansh Singh\pytest-97\test_embed_dataframe_and_stora0\test_metadata.csv (2 records)
2026-08-07 21:40:07 | INFO     | src.ml.semantic.embedding_generator | embedding_generator:load_embeddings:264 | Loaded embeddings matrix (2, 1) and 2 metadata rows from C:\Users\Ansh Singh\AppData\Local\Temp\pytest-of-Ansh Singh\pytest-97\test_embed_dataframe_and_stora0
2026-08-07 21:40:07 | INFO     | src.ml.semantic.faiss_index | faiss_index:create_index:77 | Initializing FAISS index 'unit_test' (type=FlatIP, dim=8)...
2026-08-07 21:40:07 | INFO     | src.ml.semantic.faiss_index | faiss_index:add_embeddings:147 | Added 8 vectors. Total indexed vectors: 8
2026-08-07 21:40:07 | INFO     | src.ml.semantic.faiss_index | faiss_index:create_index:77 | Initializing FAISS index 'incident_semantic_index' (type=IVFFlat, dim=16)...
2026-08-07 21:40:07 | INFO     | src.ml.semantic.faiss_index | faiss_index:create_index:97 | Training IVFFlat quantizer across 50 vectors (nlist=1)...
2026-08-07 21:40:07 | INFO     | src.ml.semantic.faiss_index | faiss_index:add_embeddings:147 | Added 50 vectors. Total indexed vectors: 50
2026-08-07 21:40:07 | INFO     | src.ml.semantic.faiss_index | faiss_index:create_index:77 | Initializing FAISS index 'save_test' (type=FlatL2, dim=4)...
2026-08-07 21:40:07 | INFO     | src.ml.semantic.faiss_index | faiss_index:add_embeddings:147 | Added 5 vectors. Total indexed vectors: 5
2026-08-07 21:40:07 | INFO     | src.ml.embedding_registry | embedding_registry:register_index:112 | Registered embedding index save_test:v1 (5 vectors, Dim: 4)
2026-08-07 21:40:07 | INFO     | src.ml.embedding_registry | embedding_registry:export_markdown:164 | Exported Embedding Registry Markdown to: indexes\embedding_registry.md
2026-08-07 21:40:07 | INFO     | src.ml.semantic.faiss_index | faiss_index:save_index:234 | Successfully saved FAISS index to C:\Users\Ansh Singh\AppData\Local\Temp\pytest-of-Ansh Singh\pytest-97\test_save_and_load_index0\save_test_v1.index (5 vectors) and registered in EmbeddingRegistry.
2026-08-07 21:40:07 | INFO     | src.ml.semantic.faiss_index | faiss_index:load_index:267 | Loaded FAISS index 'save_test:v1' from C:\Users\Ansh Singh\AppData\Local\Temp\pytest-of-Ansh Singh\pytest-97\test_save_and_load_index0\save_test_v1.index. Total vectors: 5
2026-08-07 21:40:07 | INFO     | src.ml.semantic.similarity_engine | similarity_engine:build_index_from_dataframe:65 | Starting end-to-end semantic index build across 4 records...
2026-08-07 21:40:07 | INFO     | src.ml.semantic.embedding_generator | embedding_generator:embed_dataframe:139 | Constructing semantic text documents across 4 incident records...
2026-08-07 21:40:07 | WARNING  | src.ml.semantic.embedding_generator | embedding_generator:model:82 | Pipeline C:\Users\Ansh Singh\AppData\Local\Temp\pytest-of-Ansh Singh\pytest-97\test_build_and_query_engine0\embed\tfidf-svd-384.pkl does not exist. It will be trained upon calling embed_dataframe.
2026-08-07 21:40:07 | INFO     | src.ml.semantic.embedding_generator | embedding_generator:embed_dataframe:149 | Training TF-IDF + TruncatedSVD pipeline across 4 documents...
2026-08-07 21:40:07 | INFO     | src.ml.semantic.embedding_generator | embedding_generator:embed_dataframe:173 | Saved local embedding pipeline to C:\Users\Ansh Singh\AppData\Local\Temp\pytest-of-Ansh Singh\pytest-97\test_build_and_query_engine0\embed\tfidf-svd-384.pkl
2026-08-07 21:40:07 | INFO     | src.ml.semantic.embedding_generator | embedding_generator:embed_dataframe:191 | Embedding complete. Matrix shape: (4, 3), Metadata records: 4
2026-08-07 21:40:07 | INFO     | src.ml.semantic.embedding_generator | embedding_generator:save_embeddings:243 | Saved separated embedding artifacts to:
  - Vector Matrix: C:\Users\Ansh Singh\AppData\Local\Temp\pytest-of-Ansh Singh\pytest-97\test_build_and_query_engine0\embed\test_sim_index_embeddings.npy ((4, 3))
  - Metadata Table: C:\Users\Ansh Singh\AppData\Local\Temp\pytest-of-Ansh Singh\pytest-97\test_build_and_query_engine0\embed\test_sim_index_metadata.csv (4 records)
2026-08-07 21:40:07 | INFO     | src.ml.semantic.faiss_index | faiss_index:create_index:77 | Initializing FAISS index 'test_sim_index' (type=FlatIP, dim=3)...
2026-08-07 21:40:07 | INFO     | src.ml.semantic.faiss_index | faiss_index:add_embeddings:147 | Added 4 vectors. Total indexed vectors: 4
2026-08-07 21:40:07 | INFO     | src.ml.embedding_registry | embedding_registry:register_index:112 | Registered embedding index test_sim_index:latest (4 vectors, Dim: 3)
2026-08-07 21:40:07 | INFO     | src.ml.embedding_registry | embedding_registry:export_markdown:164 | Exported Embedding Registry Markdown to: indexes\embedding_registry.md
2026-08-07 21:40:07 | INFO     | src.ml.semantic.faiss_index | faiss_index:save_index:234 | Successfully saved FAISS index to C:\Users\Ansh Singh\AppData\Local\Temp\pytest-of-Ansh Singh\pytest-97\test_build_and_query_engine0\idx\test_sim_index_latest.index (4 vectors) and registered in EmbeddingRegistry.
2026-08-07 21:40:07 | INFO     | src.ml.semantic.similarity_engine | similarity_engine:build_index_from_dataframe:91 | Successfully built and registered semantic index 'test_sim_index:latest' (4 vectors).
2026-08-07 21:40:07 | INFO     | src.ml.semantic.similarity_engine | similarity_engine:find_similar_incidents:143 | Resolved query 'INC001' to existing historical record. Generating query vector...
2026-08-07 21:40:07 | INFO     | src.ml.semantic.similarity_engine | similarity_engine:find_similar_incidents:159 | Executing FAISS Top-2 similarity search for Incident Number: INC001...
2026-08-07 21:40:07 | INFO     | src.ml.semantic.similarity_engine | similarity_engine:_export_similarity_reports:259 | Exported Top-2 similarity retrieval reports to C:\Users\Ansh Singh\AppData\Local\Temp\pytest-of-Ansh Singh\pytest-97\test_build_and_query_engine0\reports\similarity_results.csv and C:\Users\Ansh Singh\AppData\Local\Temp\pytest-of-Ansh Singh\pytest-97\test_build_and_query_engine0\reports\similarity_results.md
2026-08-07 21:40:07 | INFO     | src.ml.semantic.similarity_engine | similarity_engine:find_similar_incidents:159 | Executing FAISS Top-2 similarity search for Text Query: 'ATM withdrawal failing...'...
2026-08-07 21:40:07 | INFO     | src.ml.semantic.similarity_engine | similarity_engine:_export_similarity_reports:259 | Exported Top-2 similarity retrieval reports to C:\Users\Ansh Singh\AppData\Local\Temp\pytest-of-Ansh Singh\pytest-97\test_build_and_query_engine0\reports\similarity_results.csv and C:\Users\Ansh Singh\AppData\Local\Temp\pytest-of-Ansh Singh\pytest-97\test_build_and_query_engine0\reports\similarity_results.md
2026-08-07 21:40:07 | INFO     | src.ml.random_forest.trainer | trainer:build_preprocessing_pipeline:133 | Built zero-leakage preprocessing pipeline across 24 predictors (Freq: 5, OneHot: 6, Num: 13).
2026-08-07 21:40:07 | INFO     | src.ml.explainability.shap_explainer | shap_explainer:explain_global:126 | Computing SHAP TreeExplainer values across 15 records...
2026-08-07 21:40:08 | INFO     | src.ml.explainability.shap_explainer | shap_explainer:explain_global:170 | Exported global SHAP plots to reports/shap_bar.png & reports/shap_summary.png
2026-08-07 21:40:08 | INFO     | src.ml.random_forest.trainer | trainer:build_preprocessing_pipeline:133 | Built zero-leakage preprocessing pipeline across 24 predictors (Freq: 5, OneHot: 6, Num: 13).
2026-08-07 21:40:09 | INFO     | src.ml.explainability.shap_explainer | shap_explainer:explain_prediction:318 | Generated structured prediction metadata across 5 records (C:\Users\Ansh Singh\AppData\Local\Temp\pytest-of-Ansh Singh\pytest-97\test_explain_prediction0\reports\prediction_metadata.json & C:\Users\Ansh Singh\AppData\Local\Temp\pytest-of-Ansh Singh\pytest-97\test_explain_prediction0\reports\prediction_metadata.csv).
2026-08-07 21:40:09 | INFO     | src.ml.random_forest.trainer | trainer:build_preprocessing_pipeline:133 | Built zero-leakage preprocessing pipeline across 24 predictors (Freq: 5, OneHot: 6, Num: 13).
2026-08-07 21:40:09 | INFO     | src.ml.random_forest.trainer | trainer:build_preprocessing_pipeline:133 | Built zero-leakage preprocessing pipeline across 24 predictors (Freq: 5, OneHot: 6, Num: 13).
2026-08-07 21:40:09 | INFO     | src.ml.explainability.shap_explainer | shap_explainer:explain_global:126 | Computing SHAP TreeExplainer values across 15 records...
2026-08-07 21:40:10 | INFO     | src.ml.explainability.shap_explainer | shap_explainer:explain_global:170 | Exported global SHAP plots to reports/shap_bar.png & reports/shap_summary.png
2026-08-07 21:40:11 | INFO     | src.ml.explainability.shap_explainer | shap_explainer:explain_prediction:318 | Generated structured prediction metadata across 3 records (C:\Users\Ansh Singh\AppData\Local\Temp\pytest-of-Ansh Singh\pytest-97\test_explain_regression0\reports_reg\prediction_metadata.json & C:\Users\Ansh Singh\AppData\Local\Temp\pytest-of-Ansh Singh\pytest-97\test_explain_regression0\reports_reg\prediction_metadata.csv).
